// Vitest Snapshot v1, https://vitest.dev/guide/snapshot.html

exports[`AppearanceSettings - Snapshots > matches snapshot 1`] = `
<div
  class="flex w-full flex-col items-start justify-start gap-3"
  data-testid="container"
>
  <h4
    class="font-semibold text-foreground text-xl leading-7"
    data-testid="heading-4"
  >
    Interface
  </h4>
  <p
    class="text-base leading-6 font-medium text-secondary-foreground"
    data-testid="typography"
  >
    Choose how Pubky looks to you.
  </p>
  <div
    aria-label="Interface theme"
    aria-required="false"
    class="grid w-full gap-3 pt-3 md:auto-cols-fr md:grid-flow-col"
    dir="ltr"
    role="radiogroup"
    style="outline: none;"
    tabindex="0"
  >
    <label
      class="flex text-sm leading-none select-none group-data-[disabled=true]:pointer-events-none group-data-[disabled=true]:opacity-50 peer-disabled:cursor-not-allowed peer-disabled:opacity-50 cursor-pointer items-start gap-2 font-normal has-[[data-disabled]]:cursor-not-allowed has-[[data-disabled]]:opacity-50 rounded-lg border border-border p-4 transition-colors has-[[data-state=checked]]:border-brand"
      data-slot="label"
      for="appearance-theme-dark"
    >
      <button
        aria-checked="false"
        aria-describedby="appearance-theme-dark-description"
        aria-labelledby="appearance-theme-dark-title"
        class="peer size-4 shrink-0 rounded-full border border-input bg-glass shadow-sm transition-colors focus-visible:ring-2 focus-visible:ring-ring focus-visible:ring-offset-2 focus-visible:ring-offset-background focus-visible:outline-none disabled:cursor-not-allowed disabled:opacity-50 data-[state=checked]:border-brand data-[state=checked]:bg-brand"
        data-radix-collection-item=""
        data-state="unchecked"
        id="appearance-theme-dark"
        role="radio"
        tabindex="-1"
        type="button"
        value="dark"
      />
      <div
        class="flex flex-col gap-1.5"
        data-testid="container"
      >
        <span
          class="text-base leading-none font-medium text-foreground"
          data-testid="typography"
          id="appearance-theme-dark-title"
        >
          Dark
        </span>
        <span
          class="font-medium text-sm leading-normal text-muted-foreground"
          data-testid="typography"
          id="appearance-theme-dark-description"
        >
          Always use the dark interface.
        </span>
      </div>
    </label>
    <label
      class="flex text-sm leading-none select-none group-data-[disabled=true]:pointer-events-none group-data-[disabled=true]:opacity-50 peer-disabled:cursor-not-allowed peer-disabled:opacity-50 cursor-pointer items-start gap-2 font-normal has-[[data-disabled]]:cursor-not-allowed has-[[data-disabled]]:opacity-50 rounded-lg border border-border p-4 transition-colors has-[[data-state=checked]]:border-brand"
      data-slot="label"
      for="appearance-theme-light"
    >
      <button
        aria-checked="false"
        aria-describedby="appearance-theme-light-description"
        aria-labelledby="appearance-theme-light-title"
        class="peer size-4 shrink-0 rounded-full border border-input bg-glass shadow-sm transition-colors focus-visible:ring-2 focus-visible:ring-ring focus-visible:ring-offset-2 focus-visible:ring-offset-background focus-visible:outline-none disabled:cursor-not-allowed disabled:opacity-50 data-[state=checked]:border-brand data-[state=checked]:bg-brand"
        data-radix-collection-item=""
        data-state="unchecked"
        id="appearance-theme-light"
        role="radio"
        tabindex="-1"
        type="button"
        value="light"
      />
      <div
        class="flex flex-col gap-1.5"
        data-testid="container"
      >
        <span
          class="text-base leading-none font-medium text-foreground"
          data-testid="typography"
          id="appearance-theme-light-title"
        >
          Light
        </span>
        <span
          class="font-medium text-sm leading-normal text-muted-foreground"
          data-testid="typography"
          id="appearance-theme-light-description"
        >
          Always use the light interface.
        </span>
      </div>
    </label>
    <label
      class="flex text-sm leading-none select-none group-data-[disabled=true]:pointer-events-none group-data-[disabled=true]:opacity-50 peer-disabled:cursor-not-allowed peer-disabled:opacity-50 cursor-pointer items-start gap-2 font-normal has-[[data-disabled]]:cursor-not-allowed has-[[data-disabled]]:opacity-50 rounded-lg border border-border p-4 transition-colors has-[[data-state=checked]]:border-brand"
      data-slot="label"
      for="appearance-theme-system"
    >
      <button
        aria-checked="true"
        aria-describedby="appearance-theme-system-description"
        aria-labelledby="appearance-theme-system-title"
        class="peer size-4 shrink-0 rounded-full border border-input bg-glass shadow-sm transition-colors focus-visible:ring-2 focus-visible:ring-ring focus-visible:ring-offset-2 focus-visible:ring-offset-background focus-visible:outline-none disabled:cursor-not-allowed disabled:opacity-50 data-[state=checked]:border-brand data-[state=checked]:bg-brand"
        data-radix-collection-item=""
        data-state="checked"
        id="appearance-theme-system"
        role="radio"
        tabindex="-1"
        type="button"
        value="system"
      >
        <span
          class="flex items-center justify-center"
          data-state="checked"
        >
          <span
            class="block size-2 rounded-full bg-background"
          />
        </span>
      </button>
      <div
        class="flex flex-col gap-1.5"
        data-testid="container"
      >
        <span
          class="text-base leading-none font-medium text-foreground"
          data-testid="typography"
          id="appearance-theme-system-title"
        >
          Auto
        </span>
        <span
          class="font-medium text-sm leading-normal text-muted-foreground"
          data-testid="typography"
          id="appearance-theme-system-description"
        >
          Follow your browser or system setting.
        </span>
      </div>
    </label>
  </div>
</div>
`;
