// Vitest Snapshot v1, https://vitest.dev/guide/snapshot.html

exports[`AppearanceSettings - Snapshots > matches snapshot 1`] = `
<div
  class="flex w-full flex-col items-start justify-start gap-3"
  data-testid="container"
>
  <h4
    class="font-semibold text-foreground text-xl leading-7"
    data-testid="heading-4"
  >
    Interface
  </h4>
  <p
    class="text-base leading-6 font-medium text-secondary-foreground"
    data-testid="typography"
  >
    Choose how Pubky looks to you.
  </p>
  <div
    aria-label="Interface theme"
    aria-required="false"
    class="grid w-full gap-3 pt-3 md:auto-cols-fr md:grid-flow-col"
    dir="ltr"
    role="radiogroup"
    style="outline: none;"
    tabindex="0"
  >
    <div
      class="rounded-lg border border-border p-4 transition-colors has-[[data-state=checked]]:border-brand has-[[data-disabled]]:cursor-not-allowed has-[[data-disabled]]:opacity-50"
      data-testid="container"
    >
      <div
        class="flex items-start gap-2"
        data-testid="container"
      >
        <button
          aria-checked="true"
          class="peer size-4 shrink-0 rounded-full border border-input bg-glass shadow-sm transition-colors focus-visible:ring-2 focus-visible:ring-ring focus-visible:ring-offset-2 focus-visible:ring-offset-background focus-visible:outline-none disabled:cursor-not-allowed disabled:opacity-50 data-[state=checked]:border-brand data-[state=checked]:bg-brand"
          data-radix-collection-item=""
          data-state="checked"
          id="appearance-theme-dark"
          role="radio"
          tabindex="-1"
          type="button"
          value="dark"
        >
          <span
            class="flex items-center justify-center"
            data-state="checked"
          >
            <span
              class="block size-2 rounded-full bg-background"
            />
          </span>
        </button>
        <div
          class="flex flex-col gap-1.5"
          data-testid="container"
        >
          <label
            class="flex items-center gap-2 select-none group-data-[disabled=true]:pointer-events-none group-data-[disabled=true]:opacity-50 cursor-pointer text-base leading-none font-medium text-foreground peer-disabled:cursor-not-allowed peer-disabled:opacity-50"
            data-slot="label"
            for="appearance-theme-dark"
          >
            Dark
          </label>
          <p
            class="font-medium text-sm leading-normal text-muted-foreground"
            data-testid="typography"
          >
            Always use the dark interface.
          </p>
        </div>
      </div>
    </div>
    <div
      class="rounded-lg border border-border p-4 transition-colors has-[[data-state=checked]]:border-brand has-[[data-disabled]]:cursor-not-allowed has-[[data-disabled]]:opacity-50"
      data-testid="container"
    >
      <div
        class="flex items-start gap-2"
        data-testid="container"
      >
        <button
          aria-checked="false"
          class="peer size-4 shrink-0 rounded-full border border-input bg-glass shadow-sm transition-colors focus-visible:ring-2 focus-visible:ring-ring focus-visible:ring-offset-2 focus-visible:ring-offset-background focus-visible:outline-none disabled:cursor-not-allowed disabled:opacity-50 data-[state=checked]:border-brand data-[state=checked]:bg-brand"
          data-radix-collection-item=""
          data-state="unchecked"
          id="appearance-theme-light"
          role="radio"
          tabindex="-1"
          type="button"
          value="light"
        />
        <div
          class="flex flex-col gap-1.5"
          data-testid="container"
        >
          <label
            class="flex items-center gap-2 select-none group-data-[disabled=true]:pointer-events-none group-data-[disabled=true]:opacity-50 cursor-pointer text-base leading-none font-medium text-foreground peer-disabled:cursor-not-allowed peer-disabled:opacity-50"
            data-slot="label"
            for="appearance-theme-light"
          >
            Light
          </label>
          <p
            class="font-medium text-sm leading-normal text-muted-foreground"
            data-testid="typography"
          >
            Always use the light interface.
          </p>
        </div>
      </div>
    </div>
    <div
      class="rounded-lg border border-border p-4 transition-colors has-[[data-state=checked]]:border-brand has-[[data-disabled]]:cursor-not-allowed has-[[data-disabled]]:opacity-50"
      data-testid="container"
    >
      <div
        class="flex items-start gap-2"
        data-testid="container"
      >
        <button
          aria-checked="false"
          class="peer size-4 shrink-0 rounded-full border border-input bg-glass shadow-sm transition-colors focus-visible:ring-2 focus-visible:ring-ring focus-visible:ring-offset-2 focus-visible:ring-offset-background focus-visible:outline-none disabled:cursor-not-allowed disabled:opacity-50 data-[state=checked]:border-brand data-[state=checked]:bg-brand"
          data-radix-collection-item=""
          data-state="unchecked"
          id="appearance-theme-system"
          role="radio"
          tabindex="-1"
          type="button"
          value="system"
        />
        <div
          class="flex flex-col gap-1.5"
          data-testid="container"
        >
          <label
            class="flex items-center gap-2 select-none group-data-[disabled=true]:pointer-events-none group-data-[disabled=true]:opacity-50 cursor-pointer text-base leading-none font-medium text-foreground peer-disabled:cursor-not-allowed peer-disabled:opacity-50"
            data-slot="label"
            for="appearance-theme-system"
          >
            Auto
          </label>
          <p
            class="font-medium text-sm leading-normal text-muted-foreground"
            data-testid="typography"
          >
            Follow your browser or system setting.
          </p>
        </div>
      </div>
    </div>
  </div>
</div>
`;
